F-14 conversion-beat evidence — real engine output (fake adapters, same code path)
Date: 2026-09-07. Generated by /tmp/conv_beat.py against the v3-fixed code.

=== P_ORDER_CONFIRM (prospect replies 1) ===
🧾 Your order:
Aria Chair × 1 — $189.00
Total — $189.00

Reply:
1️⃣ Confirm order 👍
2️⃣ Cancel 👎

=== P_ORDER_PLACED (F-22 payment line) ===
🎉 Order #9 placed! The designer will confirm delivery details with you shortly.

💳 Pay the designer directly — the app never takes your money.

=== D_NEW_ORDER (designer notified) ===
🎉 New order #9! Total $189.00. Open Orders (reply 3) to update its status.

=== P_TRACKING view (F-20) ===
📦 Your orders:
#9: Received by the designer — $189.00

=== P_TRACKING_UPDATE after designer sets 'preparing' (F-20) ===
📦 Your orders:
#9: Received by the designer — $189.00
📦 Order #9 is now: Preparing.
