F-14/F-15 Marathi proof frame — real engine output (fake adapters)
Date: 2026-09-07. v3-fixed code.

=== P_VIZ_CAPTION (Marathi) ===
🎉 झालं! फक्त चांगल्याच गोष्टी पाठवू. (कधीही सोडण्यासाठी STOP लिहा.)

=== P_ORDER_CONFIRM (Marathi, F-19 एकूण) ===
🧾 तुमची ऑर्डर:
Aria Chair × 1 — ₹189.00
एकूण — ₹189.00

लिहा:
1️⃣ ऑर्डर पक्की करा 👍
2️⃣ रद्द करा 👎

=== P_ORDER_PLACED (Marathi, F-22 payment line) ===
🎉 ऑर्डर #9 झाली! डिझायनर लवकरच डिलिव्हरीची माहिती देईल.

💳 पैसे डिझायनरला थेट द्या — अ‍ॅप मध्ये पैसे घेत नाही.
=== P_VIZ_CAPTION (Marathi, image caption) ===
✨ पाहा, तुमच्याच खोलीत Aria Chair!
💰 किंमत: ₹189.00

लिहा:
1️⃣ मला हवी आहे! 👍
2️⃣ दुसऱ्या जागी ठेवून पाहा
3️⃣ दुसरं उत्पादन दाखवा
4️⃣ मला डिझायनरशी बोलायचं आहे
